V3 27
FL "C:/Users/Gary Becker/Dropbox/Xilinx/Oldschool.old/T65.vhd" 2005/05/11.22:16:00 M.70d
FL "C:/Users/Gary Becker/Dropbox/Xilinx/Oldschool.old/T65_ALU.vhd" 2005/03/30.19:24:00 M.70d
FL "C:/Users/Gary Becker/Dropbox/Xilinx/Oldschool.old/T65_MCode.vhd" 2005/05/10.22:03:00 M.70d
FL "C:/Users/Gary Becker/Dropbox/Xilinx/Oldschool.old/T65_Pack.vhd" 2005/03/30.19:55:00 M.70d
FL "C:/Users/Gary Becker/Dropbox/Xilinx/Oldschool_S3/T65.vhd" 2005/05/11.22:16:00 M.70d
FL "C:/Users/Gary Becker/Dropbox/Xilinx/Oldschool_S3/T65_ALU.vhd" 2005/03/30.19:24:00 M.70d
FL "C:/Users/Gary Becker/Dropbox/Xilinx/Oldschool_S3/T65_MCode.vhd" 2005/05/10.22:03:00 M.70d
FL "C:/Users/Gary Becker/Dropbox/Xilinx/Oldschool_S3/T65_Pack.vhd" 2005/03/30.19:55:00 M.70d
FL C:/Users/gbecker/Dropbox/Xilinx/Oldschool.old/T65.vhd 2005/05/11.22:16:00 M.70d
FL C:/Users/gbecker/Dropbox/Xilinx/Oldschool.old/T65_ALU.vhd 2005/03/30.19:24:00 M.70d
FL C:/Users/gbecker/Dropbox/Xilinx/Oldschool.old/T65_MCode.vhd 2005/05/10.22:03:00 M.70d
FL C:/Users/gbecker/Dropbox/Xilinx/Oldschool.old/T65_Pack.vhd 2005/03/30.19:55:00 M.70d
FL C:/Users/gbecker/Dropbox/Xilinx/Oldschool_S3/T65.vhd 2005/05/11.22:16:00 M.70d
EN work/T65 1311346818 FL C:/Users/gbecker/Dropbox/Xilinx/Oldschool_S3/T65.vhd \
      PB ieee/std_logic_1164 1270894585 PB ieee/NUMERIC_STD 1270894586 \
      PH work/T65_Pack 1311346813
AR work/T65/rtl 1311346819 \
      FL C:/Users/gbecker/Dropbox/Xilinx/Oldschool_S3/T65.vhd EN work/T65 1311346818 \
      CP T65_MCode CP T65_ALU
FL C:/Users/gbecker/Dropbox/Xilinx/Oldschool_S3/T65_ALU.vhd 2005/03/30.19:24:00 M.70d
EN work/T65_ALU 1311346816 \
      FL C:/Users/gbecker/Dropbox/Xilinx/Oldschool_S3/T65_ALU.vhd \
      PB ieee/std_logic_1164 1270894585 PB ieee/NUMERIC_STD 1270894586 \
      PH work/T65_Pack 1311346813
AR work/T65_ALU/rtl 1311346817 \
      FL C:/Users/gbecker/Dropbox/Xilinx/Oldschool_S3/T65_ALU.vhd EN work/T65_ALU 1311346816
FL C:/Users/gbecker/Dropbox/Xilinx/Oldschool_S3/T65_MCode.vhd 2005/05/10.22:03:00 M.70d
EN work/T65_MCode 1311346814 \
      FL C:/Users/gbecker/Dropbox/Xilinx/Oldschool_S3/T65_MCode.vhd \
      PB ieee/std_logic_1164 1270894585 PB ieee/NUMERIC_STD 1270894586 \
      PH work/T65_Pack 1311346813
AR work/T65_MCode/rtl 1311346815 \
      FL C:/Users/gbecker/Dropbox/Xilinx/Oldschool_S3/T65_MCode.vhd \
      EN work/T65_MCode 1311346814
FL C:/Users/gbecker/Dropbox/Xilinx/Oldschool_S3/T65_Pack.vhd 2005/03/30.19:55:00 M.70d
PH work/T65_Pack 1311346813 \
      FL C:/Users/gbecker/Dropbox/Xilinx/Oldschool_S3/T65_Pack.vhd \
      PB ieee/std_logic_1164 1270894585 CD T65_MCode CD T65_ALU
